0 verbose cli C:\nvm4w\nodejs\node.exe C:\nvm4w\nodejs\node_modules\npm\bin\npm-cli.js
1 info using npm@10.9.3
2 info using node@v22.20.0
3 silly config load:file:C:\Users\khanm\AppData\Local\nvm\v22.20.0\node_modules\npm\npmrc
4 silly config load:file:D:\new projects\affiliate-platform\.npmrc
5 silly config load:file:C:\Users\khanm\.npmrc
6 silly config load:file:C:\nvm4w\nodejs\etc\npmrc
7 verbose title npm run build
8 verbose argv "run" "build"
9 verbose logfile logs-max:10 dir:D:\new projects\affiliate-platform\clean\_logs\2026-10-06T13_18_45_727Z-
10 verbose logfile D:\new projects\affiliate-platform\clean\_logs\2026-10-06T13_18_45_727Z-debug-0.log
11 silly logfile start cleaning logs, removing 1 files
12 silly logfile done cleaning log files
13 http fetch GET 200 https://registry.npmjs.org/npm 288ms
14 verbose cwd D:\new projects\affiliate-platform
15 verbose os Windows_NT 10.0.26300
16 verbose node v22.20.0
17 verbose npm  v10.9.3
18 notice
18 notice New [31mmajor[39m version of npm available! [31m10.9.3[39m -> [34m12.2.0[39m
18 notice Changelog: [34mhttps://github.com/npm/cli/releases/tag/v12.2.0[39m
18 notice To update run: [4mnpm install -g npm@12.2.0[24m
18 notice  { force: true, [Symbol(proc-log.meta)]: true }
19 verbose exit 0
20 info ok
